// Jest Snapshot v1, https://goo.gl/fbAQLP

exports[`renders the LoginForm component 1`] = `
<div
  className="formContainer content"
  data-testid="SignupForm"
>
  <header
    className="formContainer_header"
  >
    <h2
      data-testid="SignupForm-heading"
    >
      Sign Up
    </h2>
    <p>
      Hello there! Sign up and enjoy wonderful properies.
    </p>
  </header>
  <form
    onSubmit={[Function]}
  >
    <div
      className="formContainer__formInput"
    >
      <input
        id="username"
        name="username"
        onChange={[Function]}
        type="text"
        value=""
      />
    </div>
    <div
      className="formContainer__formInput"
    >
      <input
        id="password"
        name="password"
        onChange={[Function]}
        type="password"
        value=""
      />
    </div>
    <div
      className="formContainer__formInput"
    >
      <button
        className="formContainer_btn"
        type="submit"
      >
        Sign Up
      </button>
    </div>
  </form>
  <div
    className="signin"
  >
    <span>
      If you already have an account, 
    </span>
    <a
      href="/login"
      onClick={[Function]}
    >
      sign in
    </a>
  </div>
  <div
    className="backToHome"
  >
    <a
      href="/"
      onClick={[Function]}
    >
      Back to 
      <svg
        aria-hidden={true}
        className="MuiSvgIcon-root"
        focusable="false"
        viewBox="0 0 24 24"
      >
        <path
          d="M10 20v-6h4v6h5v-8h3L12 3 2 12h3v8z"
        />
      </svg>
    </a>
  </div>
</div>
`;
